affe
baer
hund
chimpanzee
bird
dinosaur
turtle
affe
baer
hund
chimpanzee
bird
dinosaur
turtle
affe
baer
hund
chimpanzee
baer
hund
chimpanzee
chimpanzee
baer
hund
chimpanzee
baer
hund
chimpanzee
hund
chimpanzee
hund
affe
baer
hund
affe
baer
hund
hund
affe
baer
hund
hund
affe
baer
hund
affe
baer
affe
baer
hund
affe
baer
hund
hund
affe
baer
hund
affe
baer
affe
hund
affe
baer
affe
baer
hund
chimpanzee
bird
hund
affe
baer
affe
affe
baer
hund
chimpanzee
bird
hund
chimpanzee
bird
